Resolving dependencies...
Downloading packages...
  _fe_analyzer_shared 93.0.0 (100.0.0 available)
  analyzer 10.0.1 (13.0.0 available)
  dart_style 3.1.7 (3.1.9 available)
  flutter_dotenv 5.2.1 (6.0.1 available)
  matcher 0.12.19 (0.12.20 available)
  meta 1.17.0 (1.18.2 available)
  native_toolchain_c 0.17.6 (0.18.0 available)
  test_api 0.7.10 (0.7.12 available)
  vector_math 2.2.0 (2.3.0 available)
Got dependencies!
9 packages have newer versions incompatible with dependency constraints.
Try `flutter pub outdated` for more information.
Analyzing EduSafe...                                            

   info - The file name 'AdminAnalyticsDashboard.dart' isn't a lower_case_with_underscores identifier - lib\pages\AdminAnalyticsDashboard.dart:1:1 - file_names
   info - Statements in an if should be enclosed in a block - lib\pages\AdminAnalyticsDashboard.dart:125:13 - curly_braces_in_flow_control_structures
   info - Statements in an if should be enclosed in a block - lib\pages\AdminAnalyticsDashboard.dart:127:13 - curly_braces_in_flow_control_structures
   info - Statements in an if should be enclosed in a block - lib\pages\AdminAnalyticsDashboard.dart:129:13 - curly_braces_in_flow_control_structures
   info - Statements in an if should be enclosed in a block - lib\pages\AdminAnalyticsDashboard.dart:131:13 - curly_braces_in_flow_control_structures
   info - Statements in an if should be enclosed in a block - lib\pages\AdminAnalyticsDashboard.dart:133:13 - curly_braces_in_flow_control_structures
   info - 'withOpacity' is deprecated and shouldn't be used. Use .withValues() to avoid precision loss - lib\pages\AdminAnalyticsDashboard.dart:243:33 - deprecated_member_use
   info - 'withOpacity' is deprecated and shouldn't be used. Use .withValues() to avoid precision loss - lib\pages\AdminAnalyticsDashboard.dart:359:33 - deprecated_member_use
   info - 'withOpacity' is deprecated and shouldn't be used. Use .withValues() to avoid precision loss - lib\pages\AdminAnalyticsDashboard.dart:432:50 - deprecated_member_use
   info - 'withOpacity' is deprecated and shouldn't be used. Use .withValues() to avoid precision loss - lib\pages\AdminAnalyticsDashboard.dart:464:33 - deprecated_member_use
   info - 'withOpacity' is deprecated and shouldn't be used. Use .withValues() to avoid precision loss - lib\pages\AdminAnalyticsDashboard.dart:525:41 - deprecated_member_use
   info - 'withOpacity' is deprecated and shouldn't be used. Use .withValues() to avoid precision loss - lib\pages\AdminAnalyticsDashboard.dart:778:33 - deprecated_member_use
   info - 'withOpacity' is deprecated and shouldn't be used. Use .withValues() to avoid precision loss - lib\pages\AdminAnalyticsDashboard.dart:907:45 - deprecated_member_use
   info - 'withOpacity' is deprecated and shouldn't be used. Use .withValues() to avoid precision loss - lib\pages\AdminAnalyticsDashboard.dart:990:49 - deprecated_member_use
   info - Unnecessary use of 'toList' in a spread - lib\pages\AdminAnalyticsDashboard.dart:1039:32 - unnecessary_to_list_in_spreads
   info - 'withOpacity' is deprecated and shouldn't be used. Use .withValues() to avoid precision loss - lib\pages\AdminAnalyticsDashboard.dart:1080:24 - deprecated_member_use
   info - 'withOpacity' is deprecated and shouldn't be used. Use .withValues() to avoid precision loss - lib\pages\AdminAnalyticsDashboard.dart:1082:43 - deprecated_member_use
   info - The file name 'AdminGuardManagement.dart' isn't a lower_case_with_underscores identifier - lib\pages\AdminGuardManagement.dart:1:1 - file_names
  error - The method 'getAllGuards' isn't defined for the type 'SupabaseService' - lib\pages\AdminGuardManagement.dart:28:46 - undefined_method
   info - Don't use 'BuildContext's across async gaps - lib\pages\AdminGuardManagement.dart:43:28 - use_build_context_synchronously
  error - The method 'addGuard' isn't defined for the type 'SupabaseService' - lib\pages\AdminGuardManagement.dart:167:55 - undefined_method
   info - Don't use 'BuildContext's across async gaps - lib\pages\AdminGuardManagement.dart:173:45 - use_build_context_synchronously
   info - Don't use 'BuildContext's across async gaps - lib\pages\AdminGuardManagement.dart:175:52 - use_build_context_synchronously
   info - Don't use 'BuildContext's across async gaps - lib\pages\AdminGuardManagement.dart:184:52 - use_build_context_synchronously
  error - The method 'updateGuardStatus' isn't defined for the type 'SupabaseService' - lib\pages\AdminGuardManagement.dart:348:49 - undefined_method
   info - Don't use 'BuildContext's across async gaps - lib\pages\AdminGuardManagement.dart:354:39 - use_build_context_synchronously
   info - Don't use 'BuildContext's across async gaps - lib\pages\AdminGuardManagement.dart:357:46 - use_build_context_synchronously
   info - Don't use 'BuildContext's across async gaps - lib\pages\AdminGuardManagement.dart:364:46 - use_build_context_synchronously
   info - Statements in an if should be enclosed in a block - lib\pages\AdminGuardManagement.dart:403:7 - curly_braces_in_flow_control_structures
   info - Statements in an if should be enclosed in a block - lib\pages\AdminGuardManagement.dart:405:7 - curly_braces_in_flow_control_structures
   info - 'withOpacity' is deprecated and shouldn't be used. Use .withValues() to avoid precision loss - lib\pages\AdminGuardManagement.dart:415:33 - deprecated_member_use
   info - 'withOpacity' is deprecated and shouldn't be used. Use .withValues() to avoid precision loss - lib\pages\AdminGuardManagement.dart:466:38 - deprecated_member_use
   info - 'withOpacity' is deprecated and shouldn't be used. Use .withValues() to avoid precision loss - lib\pages\AdminGuardManagement.dart:578:43 - deprecated_member_use
   info - The file name 'AdminStudentManagement.dart' isn't a lower_case_with_underscores identifier - lib\pages\AdminStudentManagement.dart:1:1 - file_names
   info - 'value' is deprecated and shouldn't be used. Use initialValue instead. This will set the initial value for the form field. This feature was deprecated after v3.33.0-1.0.pre - lib\pages\AdminStudentManagement.dart:193:17 - deprecated_member_use
   info - Don't use 'BuildContext's across async gaps, guarded by an unrelated 'mounted' check - lib\pages\AdminStudentManagement.dart:233:48 - use_build_context_synchronously
   info - Don't use 'BuildContext's across async gaps, guarded by an unrelated 'mounted' check - lib\pages\AdminStudentManagement.dart:235:55 - use_build_context_synchronously
   info - Don't use 'BuildContext's across async gaps, guarded by an unrelated 'mounted' check - lib\pages\AdminStudentManagement.dart:237:55 - use_build_context_synchronously
   info - 'withOpacity' is deprecated and shouldn't be used. Use .withValues() to avoid precision loss - lib\pages\AdminStudentManagement.dart:272:51 - deprecated_member_use
   info - 'withOpacity' is deprecated and shouldn't be used. Use .withValues() to avoid precision loss - lib\pages\AdminStudentManagement.dart:506:43 - deprecated_member_use
   info - 'withOpacity' is deprecated and shouldn't be used. Use .withValues() to avoid precision loss - lib\pages\AdminStudentManagement.dart:522:43 - deprecated_member_use
   info - The file name 'AuthorizeThirdParty.dart' isn't a lower_case_with_underscores identifier - lib\pages\AuthorizeThirdParty.dart:1:1 - file_names
   info - The private field _selectedChildIds could be 'final' - lib\pages\AuthorizeThirdParty.dart:20:15 - prefer_final_fields
   info - Don't invoke 'print' in production code - lib\pages\AuthorizeThirdParty.dart:56:7 - avoid_print
   info - Don't invoke 'print' in production code - lib\pages\AuthorizeThirdParty.dart:88:7 - avoid_print
   info - Don't invoke 'print' in production code - lib\pages\AuthorizeThirdParty.dart:104:11 - avoid_print
   info - Don't invoke 'print' in production code - lib\pages\AuthorizeThirdParty.dart:118:7 - avoid_print
   info - Don't use 'BuildContext's across async gaps - lib\pages\AuthorizeThirdParty.dart:128:30 - use_build_context_synchronously
   info - Don't use 'BuildContext's across async gaps - lib\pages\AuthorizeThirdParty.dart:141:28 - use_build_context_synchronously
   info - 'withOpacity' is deprecated and shouldn't be used. Use .withValues() to avoid precision loss - lib\pages\AuthorizeThirdParty.dart:175:64 - deprecated_member_use
   info - 'withOpacity' is deprecated and shouldn't be used. Use .withValues() to avoid precision loss - lib\pages\AuthorizeThirdParty.dart:258:65 - deprecated_member_use
   info - 'withOpacity' is deprecated and shouldn't be used. Use .withValues() to avoid precision loss - lib\pages\AuthorizeThirdParty.dart:333:51 - deprecated_member_use
   info - 'withOpacity' is deprecated and shouldn't be used. Use .withValues() to avoid precision loss - lib\pages\AuthorizeThirdParty.dart:431:71 - deprecated_member_use
   info - The file name 'BiometricsPage.dart' isn't a lower_case_with_underscores identifier - lib\pages\BiometricsPage.dart:1:1 - file_names
warning - The value of the field '_isBiometricAvailable' isn't used - lib\pages\BiometricsPage.dart:15:8 - unused_field
   info - 'withOpacity' is deprecated and shouldn't be used. Use .withValues() to avoid precision loss - lib\pages\BiometricsPage.dart:199:33 - deprecated_member_use
   info - 'activeColor' is deprecated and shouldn't be used. Use activeThumbColor or activeTrackColor instead. This feature was deprecated after v3.31.0-2.0.pre - lib\pages\BiometricsPage.dart:229:11 - deprecated_member_use
   info - The file name 'DynamicQRGenerator.dart' isn't a lower_case_with_underscores identifier - lib\pages\DynamicQRGenerator.dart:1:1 - file_names
   info - 'withOpacity' is deprecated and shouldn't be used. Use .withValues() to avoid precision loss - lib\pages\DynamicQRGenerator.dart:93:49 - deprecated_member_use
   info - The file name 'GuardProfile.dart' isn't a lower_case_with_underscores identifier - lib\pages\GuardProfile.dart:1:1 - file_names
   info - The file name 'GuardScanner.dart' isn't a lower_case_with_underscores identifier - lib\pages\GuardScanner.dart:1:1 - file_names
   info - 'withOpacity' is deprecated and shouldn't be used. Use .withValues() to avoid precision loss - lib\pages\GuardScanner.dart:308:53 - deprecated_member_use
   info - 'withOpacity' is deprecated and shouldn't be used. Use .withValues() to avoid precision loss - lib\pages\GuardScanner.dart:340:41 - deprecated_member_use
   info - The file name 'HelpSupportPage.dart' isn't a lower_case_with_underscores identifier - lib\pages\HelpSupportPage.dart:1:1 - file_names
   info - 'withOpacity' is deprecated and shouldn't be used. Use .withValues() to avoid precision loss - lib\pages\HelpSupportPage.dart:41:90 - deprecated_member_use
   info - 'withOpacity' is deprecated and shouldn't be used. Use .withValues() to avoid precision loss - lib\pages\HelpSupportPage.dart:91:55 - deprecated_member_use
   info - The file name 'IdentityValidation.dart' isn't a lower_case_with_underscores identifier - lib\pages\IdentityValidation.dart:1:1 - file_names
   info - The file name 'Login.dart' isn't a lower_case_with_underscores identifier - lib\pages\Login.dart:1:1 - file_names
   info - Don't use 'BuildContext's across async gaps - lib\pages\Login.dart:180:52 - use_build_context_synchronously
   info - Don't use 'BuildContext's across async gaps, guarded by an unrelated 'mounted' check - lib\pages\Login.dart:194:33 - use_build_context_synchronously
   info - Don't use 'BuildContext's across async gaps, guarded by an unrelated 'mounted' check - lib\pages\Login.dart:199:33 - use_build_context_synchronously
   info - Don't use 'BuildContext's across async gaps, guarded by an unrelated 'mounted' check - lib\pages\Login.dart:204:33 - use_build_context_synchronously
   info - Don't use 'BuildContext's across async gaps, guarded by an unrelated 'mounted' check - lib\pages\Login.dart:209:50 - use_build_context_synchronously
   info - 'withOpacity' is deprecated and shouldn't be used. Use .withValues() to avoid precision loss - lib\pages\Login.dart:308:55 - deprecated_member_use
   info - The file name 'NotificationsPage.dart' isn't a lower_case_with_underscores identifier - lib\pages\NotificationsPage.dart:1:1 - file_names
   info - The imported package 'intl' isn't a dependency of the importing package - lib\pages\NotificationsPage.dart:3:8 - depend_on_referenced_packages
   info - Don't invoke 'print' in production code - lib\pages\NotificationsPage.dart:28:9 - avoid_print
   info - Don't use 'BuildContext's across async gaps - lib\pages\NotificationsPage.dart:31:30 - use_build_context_synchronously
  error - The method 'getUserNotifications' isn't defined for the type 'SupabaseService' - lib\pages\NotificationsPage.dart:35:45 - undefined_method
   info - Don't invoke 'print' in production code - lib\pages\NotificationsPage.dart:36:9 - avoid_print
   info - Don't invoke 'print' in production code - lib\pages\NotificationsPage.dart:42:9 - avoid_print
   info - Don't invoke 'print' in production code - lib\pages\NotificationsPage.dart:46:7 - avoid_print
  error - The method 'markAllNotificationsAsRead' isn't defined for the type 'SupabaseService' - lib\pages\NotificationsPage.dart:93:40 - undefined_method
   info - 'withOpacity' is deprecated and shouldn't be used. Use .withValues() to avoid precision loss - lib\pages\NotificationsPage.dart:193:33 - deprecated_member_use
   info - 'withOpacity' is deprecated and shouldn't be used. Use .withValues() to avoid precision loss - lib\pages\NotificationsPage.dart:198:61 - deprecated_member_use
  error - The method 'markNotificationAsRead' isn't defined for the type 'SupabaseService' - lib\pages\NotificationsPage.dart:205:38 - undefined_method
   info - 'withOpacity' is deprecated and shouldn't be used. Use .withValues() to avoid precision loss - lib\pages\NotificationsPage.dart:218:38 - deprecated_member_use
   info - The file name 'ParentDashboard.dart' isn't a lower_case_with_underscores identifier - lib\pages\ParentDashboard.dart:1:1 - file_names
   info - Unnecessary 'const' keyword - lib\pages\ParentDashboard.dart:98:19 - unnecessary_const
   info - Unnecessary use of 'toList' in a spread - lib\pages\ParentDashboard.dart:170:18 - unnecessary_to_list_in_spreads
   info - 'withOpacity' is deprecated and shouldn't be used. Use .withValues() to avoid precision loss - lib\pages\ParentDashboard.dart:183:59 - deprecated_member_use
   info - Unnecessary use of 'toList' in a spread - lib\pages\ParentDashboard.dart:199:24 - unnecessary_to_list_in_spreads
   info - 'withOpacity' is deprecated and shouldn't be used. Use .withValues() to avoid precision loss - lib\pages\ParentDashboard.dart:219:57 - deprecated_member_use
   info - 'withOpacity' is deprecated and shouldn't be used. Use .withValues() to avoid precision loss - lib\pages\ParentDashboard.dart:236:51 - deprecated_member_use
   info - Unnecessary use of 'toList' in a spread - lib\pages\ParentDashboard.dart:367:14 - unnecessary_to_list_in_spreads
   info - 'withOpacity' is deprecated and shouldn't be used. Use .withValues() to avoid precision loss - lib\pages\ParentDashboard.dart:395:37 - deprecated_member_use
   info - 'withOpacity' is deprecated and shouldn't be used. Use .withValues() to avoid precision loss - lib\pages\ParentDashboard.dart:397:56 - deprecated_member_use
   info - The file name 'PersonalInfoPage.dart' isn't a lower_case_with_underscores identifier - lib\pages\PersonalInfoPage.dart:1:1 - file_names
   info - The file name 'PickupHistory.dart' isn't a lower_case_with_underscores identifier - lib\pages\PickupHistory.dart:1:1 - file_names
   info - The imported package 'intl' isn't a dependency of the importing package - lib\pages\PickupHistory.dart:4:8 - depend_on_referenced_packages
  error - The method 'getTodayPickupsCount' isn't defined for the type 'SupabaseService' - lib\pages\PickupHistory.dart:48:55 - undefined_method
   info - Don't use 'BuildContext's across async gaps - lib\pages\PickupHistory.dart:175:26 - use_build_context_synchronously
   info - 'withOpacity' is deprecated and shouldn't be used. Use .withValues() to avoid precision loss - lib\pages\PickupHistory.dart:182:29 - deprecated_member_use
   info - 'withOpacity' is deprecated and shouldn't be used. Use .withValues() to avoid precision loss - lib\pages\PickupHistory.dart:184:48 - deprecated_member_use
   info - 'withOpacity' is deprecated and shouldn't be used. Use .withValues() to avoid precision loss - lib\pages\PickupHistory.dart:190:59 - deprecated_member_use
   info - 'withOpacity' is deprecated and shouldn't be used. Use .withValues() to avoid precision loss - lib\pages\PickupHistory.dart:198:64 - deprecated_member_use
   info - 'withOpacity' is deprecated and shouldn't be used. Use .withValues() to avoid precision loss - lib\pages\PickupHistory.dart:213:51 - deprecated_member_use
   info - 'withOpacity' is deprecated and shouldn't be used. Use .withValues() to avoid precision loss - lib\pages\PickupHistory.dart:357:49 - deprecated_member_use
   info - 'withOpacity' is deprecated and shouldn't be used. Use .withValues() to avoid precision loss - lib\pages\PickupHistory.dart:394:49 - deprecated_member_use
   info - The file name 'SecurityCenterPage.dart' isn't a lower_case_with_underscores identifier - lib\pages\SecurityCenterPage.dart:1:1 - file_names
   info - 'withOpacity' is deprecated and shouldn't be used. Use .withValues() to avoid precision loss - lib\pages\SecurityCenterPage.dart:201:41 - deprecated_member_use
   info - 'withOpacity' is deprecated and shouldn't be used. Use .withValues() to avoid precision loss - lib\pages\SecurityCenterPage.dart:211:28 - deprecated_member_use
   info - 'withOpacity' is deprecated and shouldn't be used. Use .withValues() to avoid precision loss - lib\pages\SecurityCenterPage.dart:243:48 - deprecated_member_use
   info - The file name 'TerceroWebFormPage.dart' isn't a lower_case_with_underscores identifier - lib\pages\TerceroWebFormPage.dart:1:1 - file_names
   info - Don't invoke 'print' in production code - lib\pages\TerceroWebFormPage.dart:48:5 - avoid_print
   info - 'withOpacity' is deprecated and shouldn't be used. Use .withValues() to avoid precision loss - lib\pages\TerceroWebFormPage.dart:79:37 - deprecated_member_use
   info - 'withOpacity' is deprecated and shouldn't be used. Use .withValues() to avoid precision loss - lib\pages\TerceroWebFormPage.dart:102:37 - deprecated_member_use
   info - 'withOpacity' is deprecated and shouldn't be used. Use .withValues() to avoid precision loss - lib\pages\TerceroWebFormPage.dart:135:48 - deprecated_member_use
   info - 'value' is deprecated and shouldn't be used. Use initialValue instead. This will set the initial value for the form field. This feature was deprecated after v3.33.0-1.0.pre - lib\pages\TerceroWebFormPage.dart:208:21 - deprecated_member_use
  error - Expected an identifier - lib\pages\TerceroWebFormPage.dart:363:1 - missing_identifier
  error - Too many positional arguments: 0 expected, but 2 found - lib\pages\TerceroWebFormPage.dart:363:1 - extra_positional_arguments_could_be_named
  error - Expected an identifier - lib\pages\TerceroWebFormPage.dart:363:3 - missing_identifier
  error - Expected an identifier - lib\pages\TerceroWebFormPage.dart:363:5 - missing_identifier
  error - Expected to find '>' - lib\pages\TerceroWebFormPage.dart:363:9 - expected_token
  error - The name 'HEAD' isn't a type, so it can't be used as a type argument - lib\pages\TerceroWebFormPage.dart:363:9 - non_type_as_type_argument
  error - Expected to find ',' - lib\pages\TerceroWebFormPage.dart:364:23 - expected_token
  error - Expected to find '[' - lib\pages\TerceroWebFormPage.dart:364:23 - expected_token
  error - Expected an identifier - lib\pages\TerceroWebFormPage.dart:374:1 - missing_identifier
  error - The '===' operator is not supported - lib\pages\TerceroWebFormPage.dart:374:1 - unsupported_operator
  error - Missing selector such as '.identifier' or '[0]' - lib\pages\TerceroWebFormPage.dart:374:4 - missing_assignable_selector
  error - The '===' operator is not supported - lib\pages\TerceroWebFormPage.dart:374:4 - unsupported_operator
  error - Expected an identifier - lib\pages\TerceroWebFormPage.dart:374:7 - missing_identifier
  error - Undefined name 'child' - lib\pages\TerceroWebFormPage.dart:375:23 - undefined_identifier
  error - Expected to find ')' - lib\pages\TerceroWebFormPage.dart:375:28 - expected_token
warning - The declaration '_handleRegister' isn't referenced - lib\pages\TerceroWebFormPage.dart:395:16 - unused_element
   info - The file name 'ThirdPartyRegistration.dart' isn't a lower_case_with_underscores identifier - lib\pages\ThirdPartyRegistration.dart:1:1 - file_names
   info - The file name 'UserProfileSettings.dart' isn't a lower_case_with_underscores identifier - lib\pages\UserProfileSettings.dart:1:1 - file_names
   info - Don't invoke 'print' in production code - lib\pages\UserProfileSettings.dart:47:7 - avoid_print
   info - 'withOpacity' is deprecated and shouldn't be used. Use .withValues() to avoid precision loss - lib\pages\UserProfileSettings.dart:186:49 - deprecated_member_use
   info - Don't invoke 'print' in production code - lib\services\biometric_service.dart:14:5 - avoid_print
   info - Don't invoke 'print' in production code - lib\services\email_service.dart:36:9 - avoid_print
   info - Don't invoke 'print' in production code - lib\services\email_service.dart:39:9 - avoid_print
   info - Don't invoke 'print' in production code - lib\services\email_service.dart:44:7 - avoid_print
   info - Don't invoke 'print' in production code - lib\services\pinata_service.dart:32:9 - avoid_print
   info - Don't invoke 'print' in production code - lib\services\pinata_service.dart:36:7 - avoid_print
warning - The value of the local variable 'response' isn't used - lib\services\supabase_service.dart:256:11 - unused_local_variable
   info - The imported package 'intl' isn't a dependency of the importing package - lib\utils\csv_exporter.dart:1:8 - depend_on_referenced_packages
   info - Don't invoke 'print' in production code - lib\utils\csv_exporter_stub.dart:3:3 - avoid_print
   info - 'dart:html' is deprecated and shouldn't be used. Use package:web and dart:js_interop instead - lib\utils\csv_exporter_web.dart:3:1 - deprecated_member_use

